TESTS FOR 2-matrix_divided.py
================================
>>> matrix_divided = __import__('2-matrix_divided').matrix_divided

>>> matrix = [[10, 20], [20, 40], [60, 980]]

>>> matrix_divided(matrix, 2)
[[5.0, 10.0], [10.0, 20.0], [30.0, 490.0]]

>>> matrix_divided(matrix, -10)
[[-1.0, -2.0], [-2.0, -4.0], [-6.0, -98.0]]

>>> matrix_divided(matrix, 0)
Traceback (most recent call last):
    ...
ZeroDivisionError: division by zero

>>> matrix_divided([[27.3, 40], ['60', 84.2], [101.2, '120'], [53.1, '102.2', 158.8]], 5)
Traceback (most recent call last):
    ...
TypeError: matrix must be a matrix (list of lists) of integers/floats

>>> matrix_divided(matrix, "hello")
Traceback (most recent call last):
    ...
TypeError: div must be a number

>>> matrix_divided([], 5)
Traceback (most recent call last):
    ...
TypeError: matrix must be a matrix (list of lists) of integers/floats

>>> matrix_divided([[1, 3]], 10)
Traceback (most recent call last):
    ...
TypeError: matrix must be a matrix (list of lists) of integers/floats

>>> matrix_divided([[27.3, 40], [60, 84.2], [50, 101.2, 120], [53.1, '102.2', 158.8]], 5)
Traceback (most recent call last):
    ...
TypeError: Each row of the matrix
